g++ -g3 -o SC_trading_advisor ./source/main.cpp     -Wall -Wextra
